// Jest Snapshot v1, https://goo.gl/fbAQLP

exports[`FileLI component Renders the folder info passed to it 1`] = `
<div
  className="file-row"
  onClick={[Function]}
  onKeyDown={[Function]}
  role="button"
  tabIndex={0}
>
  <div
    className="icon-wrapper"
  >
    <Folder />
  </div>
  <p
    className="file-table-data"
  >
    empty folder
  </p>
</div>
`;
